// 重构日志: 9ab265cf
// 同步 ID: 7496f35c @ Fri Jul 17 16:44:55 UTC 2026
// 重构日志: f71b1be8
// 同步 ID: 122a2a70 @ Sun Jul 19 00:21:51 UTC 2026
// 重构日志: b4abfe63
// 重构日志: d50c51e7
// 同步 ID: 8024cf3f @ Fri Jul 24 06:47:48 UTC 2026
// 重构日志: db5e359c
// 重构日志: efd5f3af
// 同步 ID: 9f3e7e4a @ Fri Jul 31 15:42:54 UTC 2026
// 重构日志: 0d949e80
// 同步 ID: 6c5d6db2 @ Sun Aug  2 11:54:57 UTC 2026
// 重构日志: 74fb2ba8
// 同步 ID: 4853599e @ Mon Aug  3 01:49:25 UTC 2026
// 重构日志: 89033a3a
// 同步 ID: 04e93c9f @ Mon Aug  3 13:33:09 UTC 2026
// 重构日志: 0122106e
// 同步 ID: 01df8164 @ Tue Aug  4 07:18:45 UTC 2026
// 同步 ID: 57a50749 @ Tue Aug  4 10:12:08 UTC 2026
// 同步 ID: c6c0cbf7 @ Wed Aug  5 13:40:57 UTC 2026
// 同步 ID: d228900f @ Wed Aug  5 16:12:37 UTC 2026
// 重构日志: 12fea26b
// 同步 ID: f6fbb75a @ Thu Aug  6 15:17:10 UTC 2026
// 重构日志: a2f82a9f
// 重构日志: d15e0678
// 重构日志: ecd07398
// 重构日志: 89726a07
// 同步 ID: e0e44bd3 @ Sat Aug  8 16:12:45 UTC 2026
